IOServiceMatchingfailed for: AppleM2ScalerCSCDriver
tracking 0%
tracking 10%
tracking 20%
tracking 30%
tracking 40%
tracking 50%
tracking 60%
tracking 70%
tracking 80%
tracking 90%
frames: 167  fps: 40.44  duração: 4.13s
exibição: 2556x1180  análise: 960x2078
estados: tracking=167 held=0 lost=0 acquiring=0  sujeitos=1
erros do tracker: 0  timestamps descartados: 0
JSON: out/ScreenRecording_10-09-2026 00-44-26_1.json
vídeo de debug: out/ScreenRecording_10-09-2026 00-44-26_1.debug.mp4
-- render
IOServiceMatchingfailed for: AppleM2ScalerCSCDriver
render 0%
render 10%
render 20%
render 30%
render 40%
render 50%
render 60%
render 70%
render 80%
render 90%
saída: 664x1180  frames: 167
orientação do arquivo: counterClockwise90  áudio: copiado sem recodificar  estilo: suave  One Euro: não
vídeo: out/ScreenRecording_10-09-2026 00-44-26_1.vertical-suave.mp4
